// Jest Snapshot v1, https://goo.gl/fbAQLP

exports[`SSection renders correctly 1`] = `
<div
  className="container-fluid"
>
  <div
    className="show-grid row"
    style={
      Object {
        "backgroundColor": "white",
      }
    }
  >
    <div
      className="slideanim col-md-4"
    >
      <img
        className="img-circle"
        src="pony_girls_square.jpg"
      />
      <h3>
        Da de comer a los ponys
      </h3>
      <p>
        Los caballos y los ponys son animales muy sociables, detectan nuestras emociones y son muy curiosos, además ¡les encantan las frutisinas!
      </p>
    </div>
    <div
      className="slideanim col-md-4"
    >
      <img
        className="img-circle"
        src="farmer_square.jpg"
      />
      <h3>
        Conoce nuestro día a día
      </h3>
      <p>
        Una escuela de equitación tiene muchas actividades, desde hacer las camas, la comida o salir a jugar ¡igual que en casa!
      </p>
    </div>
    <div
      className="slideanim col-md-4"
    >
      <img
        className="img-circle"
        src="horse_training_square.jpg"
      />
      <h3>
        Monta en uno de nuestros ponys
      </h3>
      <p>
        La actividad estrella de nuestra visita, descubre la sensación de conectar con un pony, verás como te conoce, te escucha, y disfrutaréis juntos.
      </p>
    </div>
  </div>
</div>
`;
